This is a test log message.